// Jest Snapshot v1, https://goo.gl/fbAQLP

exports[`Services component 1`] = `
<div>
  <div
    className="hero-image-services"
  />
  <div
    className="main"
  >
    <h1>
      Services
    </h1>
    <p>
      Our Training comprises a variety and combination of:
    </p>
    <ul>
      <li>
        Practical instruction of Buk Sing philosophies and applications;
      </li>
      <li>
        Strong focus on combat techniques and tactics;
      </li>
      <li>
        Partner drills / Pad work;
      </li>
      <li>
        Sparring;
      </li>
      <li>
        Kung Fu Forms including use of weapons;
      </li>
      <li>
        Wooden dummy training.
      </li>
    </ul>
    <p>
      Sifu Gary Mallia believes that effort equals reward and that the results from his instruction, will improve:
    </p>
    <ul>
      <li>
        Self Confidence and Self Esteem;
      </li>
      <li>
        Ability to comprehensively and effectively defend against a variety of opponents;
      </li>
      <li>
        Physical Fitness and Well Being;
      </li>
      <li>
        Flexibility, Balance and Co-Ordination.
      </li>
    </ul>
    <p>
      <span
        style={
          Object {
            "paddingLeft": "10px",
          }
        }
      >
        <iframe
          allowtransperency="true"
          frameBorder="0"
          height="290"
          scrolling="no"
          src="//instagram.com/p/BZe5g8QjVyw/embed"
          width="230"
        />
      </span>
      <span
        style={
          Object {
            "paddingLeft": "10px",
          }
        }
      >
        <iframe
          allowtransperency="true"
          frameBorder="0"
          height="290"
          scrolling="no"
          src="//instagram.com/p/BcUS3zMDONZ/embed"
          width="230"
        />
      </span>
      <span
        style={
          Object {
            "paddingLeft": "10px",
          }
        }
      >
        <iframe
          allowtransperency="true"
          frameBorder="0"
          height="290"
          scrolling="no"
          src="//instagram.com/p/BZXa8wgjSr7/embed"
          width="230"
        />
      </span>
    </p>
  </div>
  <footer>
    <p>
      Â© 
      2018
       go4digital. All rights reserved.
    </p>
  </footer>
</div>
`;
