// Jest Snapshot v1, https://goo.gl/fbAQLP

exports[`About component 1`] = `
<div>
  <div
    className="hero-image-about"
  />
  <div
    className="main"
  >
    <h1>
      About go4digital
    </h1>
    <p>
      go4digital is passionate about offering high quality digital services to small and medium businesses at an affordable cost. We believe in providing level playing field to these businesses who can only afford workable solutions in the current IT landscape 
    </p>
    <p>
      Rest assured, we would like to grow with you and put all efforts in helping your business to grow in digital world. Though we have lot of expertise within the team, we are starting our digital journey now and would like to travel this journey with you and share our successes and failures with you. 
    </p>
    <p>
      From a small website development company to an enterprise grade software solutions, from simple bulk emailing to sophisticated digital campaign, we are up for challenge.
    </p>
    <p>
      We believe in iterative enhancements. If you have passion for your business to succeed, we would like to offer partnership at every stage of your business journey.
    </p>
    <p>
      Right from building blazing fast responsive websites, converting an existing website into today's age website, we offer digital marketing services to help build brand reputation of your business in digital world.
    </p>
  </div>
  <footer>
    <p>
      Â© 
      2018
       go4digital. All rights reserved.
    </p>
  </footer>
</div>
`;
