// Jest Snapshot v1, https://goo.gl/fbAQLP

exports[`Footer component 1`] = `
<footer>
  <p>
    Â© 
    2018
     go4digital. All rights reserved.
  </p>
</footer>
`;
