// Jest Snapshot v1, https://goo.gl/fbAQLP

exports[`Contact component 1`] = `
<div>
  <div
    className="hero-image-contact"
  />
  <div
    className="main"
  >
    <h1>
      Contact Us
    </h1>
  </div>
  <div
    className="main"
  >
    <div
      id="thankYouMessage"
      style={
        Object {
          "display": "none",
        }
      }
    >
      <p>
        Thanks for submitting your enquiry. We'll get back to you shortly
      </p>
    </div>
    <form
      id="form"
    >
      <p>
        Call Sarita Singh for any enquiries on: 0414 043 200
      </p>
      <label
        id="emailLabel"
        style={
          Object {
            "display": "none",
          }
        }
      >
        Email
      </label>
      <input
        id="email"
        name="email"
        onChange={[Function]}
        placeholder="Email address"
        required={true}
        type="email"
        value=""
      />
      <div
        className="error"
        id="emailError"
        style={
          Object {
            "color": "red",
            "fontSize": "12px",
            "marginTop": "5px",
          }
        }
      >
        
      </div>
      <br />
      <label
        id="messageLabel"
        style={
          Object {
            "display": "none",
          }
        }
      >
        Message
      </label>
      <textarea
        cols="30"
        id="message"
        name="message"
        onChange={[Function]}
        placeholder="Message"
        required={true}
        rows="5"
        value=""
      />
      <div
        className="error"
        id="messageError"
        style={
          Object {
            "color": "red",
            "fontSize": "12px",
            "marginTop": "5px",
          }
        }
      >
        
      </div>
      <br />
      <label
        id="forbiddenInputLabel"
        style={
          Object {
            "display": "none",
          }
        }
      />
      <input
        id="forbiddenInput"
        name="forbiddenInput"
        onChange={[Function]}
        style={
          Object {
            "display": "none",
          }
        }
        type="input"
        value=""
      />
      <input
        name="submit"
        onClick={[Function]}
        type="submit"
        value="Submit"
      />
    </form>
  </div>
  <div
    className="main"
  >
    <h1>
      Our address
    </h1>
    <p>
      3/14 Yarrbat Ave VIC 3103
    </p>
    <iframe
      frameBorder="0"
      height="500"
      marginHeight="0"
      marginWidth="0"
      scrolling="no"
      src="https://maps.google.com.au/maps?q=3%2F14%20yarrbat%20ave%20balwyn&t=&z=15&ie=UTF8&iwloc=&output=embed"
      width="800"
    />
  </div>
  <footer>
    <p>
      Â© 
      2018
       go4digital. All rights reserved.
    </p>
  </footer>
</div>
`;
